Archive member included to satisfy reference by file (symbol)

c:/program files (x86)/atmel/studio/7.0/toolchain/avr8/avr8-gnu-toolchain/bin/../lib/gcc/avr/5.4.0/avr51\libgcc.a(_exit.o)
                              C:/Program Files (x86)/Atmel/Studio/7.0/Packs/atmel/ATmega_DFP/1.6.364/gcc/dev/atmega128a/avr51/crtatmega128a.o (exit)
c:/program files (x86)/atmel/studio/7.0/toolchain/avr8/avr8-gnu-toolchain/bin/../lib/gcc/avr/5.4.0/avr51\libgcc.a(_copy_data.o)
                              color_led/color.o (__do_copy_data)
c:/program files (x86)/atmel/studio/7.0/toolchain/avr8/avr8-gnu-toolchain/bin/../lib/gcc/avr/5.4.0/avr51\libgcc.a(_clear_bss.o)
                              interrupt/int.o (__do_clear_bss)

Allocating common symbols
Common symbol       size              file

pass                0x5               interrupt/int.o
Rflag               0x1               interrupt/int.o
data                0x1               interrupt/int.o

Discarded input sections

 .data          0x00000000        0x0 C:/Program Files (x86)/Atmel/Studio/7.0/Packs/atmel/ATmega_DFP/1.6.364/gcc/dev/atmega128a/avr51/crtatmega128a.o
 .bss           0x00000000        0x0 C:/Program Files (x86)/Atmel/Studio/7.0/Packs/atmel/ATmega_DFP/1.6.364/gcc/dev/atmega128a/avr51/crtatmega128a.o
 .text          0x00000000        0x0 color_led/color.o
 .data          0x00000000        0x0 color_led/color.o
 .bss           0x00000000        0x0 color_led/color.o
 .text          0x00000000        0x0 interrupt/int.o
 .data          0x00000000        0x0 interrupt/int.o
 .bss           0x00000000        0x0 interrupt/int.o
 .text          0x00000000        0x0 LCD/LCD.o
 .data          0x00000000        0x0 LCD/LCD.o
 .bss           0x00000000        0x0 LCD/LCD.o
 .text          0x00000000        0x0 main.o
 .data          0x00000000        0x0 main.o
 .bss           0x00000000        0x0 main.o
 .text          0x00000000        0x0 modules/keypad.o
 .data          0x00000000        0x0 modules/keypad.o
 .bss           0x00000000        0x0 modules/keypad.o
 .text          0x00000000        0x0 Timer/Timer.o
 .data          0x00000000        0x0 Timer/Timer.o
 .bss           0x00000000        0x0 Timer/Timer.o
 .bss.timer     0x00000000        0x2 Timer/Timer.o
 .text          0x00000000        0x0 UART/UART.o
 .data          0x00000000        0x0 UART/UART.o
 .bss           0x00000000        0x0 UART/UART.o
 .text.Serial_Rece
                0x00000000        0xe UART/UART.o
 .text          0x00000000        0x0 c:/program files (x86)/atmel/studio/7.0/toolchain/avr8/avr8-gnu-toolchain/bin/../lib/gcc/avr/5.4.0/avr51\libgcc.a(_exit.o)
 .data          0x00000000        0x0 c:/program files (x86)/atmel/studio/7.0/toolchain/avr8/avr8-gnu-toolchain/bin/../lib/gcc/avr/5.4.0/avr51\libgcc.a(_exit.o)
 .bss           0x00000000        0x0 c:/program files (x86)/atmel/studio/7.0/toolchain/avr8/avr8-gnu-toolchain/bin/../lib/gcc/avr/5.4.0/avr51\libgcc.a(_exit.o)
 .text.libgcc.mul
                0x00000000        0x0 c:/program files (x86)/atmel/studio/7.0/toolchain/avr8/avr8-gnu-toolchain/bin/../lib/gcc/avr/5.4.0/avr51\libgcc.a(_exit.o)
 .text.libgcc.div
                0x00000000        0x0 c:/program files (x86)/atmel/studio/7.0/toolchain/avr8/avr8-gnu-toolchain/bin/../lib/gcc/avr/5.4.0/avr51\libgcc.a(_exit.o)
 .text.libgcc   0x00000000        0x0 c:/program files (x86)/atmel/studio/7.0/toolchain/avr8/avr8-gnu-toolchain/bin/../lib/gcc/avr/5.4.0/avr51\libgcc.a(_exit.o)
 .text.libgcc.prologue
                0x00000000        0x0 c:/program files (x86)/atmel/studio/7.0/toolchain/avr8/avr8-gnu-toolchain/bin/../lib/gcc/avr/5.4.0/avr51\libgcc.a(_exit.o)
 .text.libgcc.builtins
                0x00000000        0x0 c:/program files (x86)/atmel/studio/7.0/toolchain/avr8/avr8-gnu-toolchain/bin/../lib/gcc/avr/5.4.0/avr51\libgcc.a(_exit.o)
 .text.libgcc.fmul
                0x00000000        0x0 c:/program files (x86)/atmel/studio/7.0/toolchain/avr8/avr8-gnu-toolchain/bin/../lib/gcc/avr/5.4.0/avr51\libgcc.a(_exit.o)
 .text.libgcc.fixed
                0x00000000        0x0 c:/program files (x86)/atmel/studio/7.0/toolchain/avr8/avr8-gnu-toolchain/bin/../lib/gcc/avr/5.4.0/avr51\libgcc.a(_exit.o)
 .text          0x00000000        0x0 c:/program files (x86)/atmel/studio/7.0/toolchain/avr8/avr8-gnu-toolchain/bin/../lib/gcc/avr/5.4.0/avr51\libgcc.a(_copy_data.o)
 .data          0x00000000        0x0 c:/program files (x86)/atmel/studio/7.0/toolchain/avr8/avr8-gnu-toolchain/bin/../lib/gcc/avr/5.4.0/avr51\libgcc.a(_copy_data.o)
 .bss           0x00000000        0x0 c:/program files (x86)/atmel/studio/7.0/toolchain/avr8/avr8-gnu-toolchain/bin/../lib/gcc/avr/5.4.0/avr51\libgcc.a(_copy_data.o)
 .text.libgcc.mul
                0x00000000        0x0 c:/program files (x86)/atmel/studio/7.0/toolchain/avr8/avr8-gnu-toolchain/bin/../lib/gcc/avr/5.4.0/avr51\libgcc.a(_copy_data.o)
 .text.libgcc.div
                0x00000000        0x0 c:/program files (x86)/atmel/studio/7.0/toolchain/avr8/avr8-gnu-toolchain/bin/../lib/gcc/avr/5.4.0/avr51\libgcc.a(_copy_data.o)
 .text.libgcc   0x00000000        0x0 c:/program files (x86)/atmel/studio/7.0/toolchain/avr8/avr8-gnu-toolchain/bin/../lib/gcc/avr/5.4.0/avr51\libgcc.a(_copy_data.o)
 .text.libgcc.prologue
                0x00000000        0x0 c:/program files (x86)/atmel/studio/7.0/toolchain/avr8/avr8-gnu-toolchain/bin/../lib/gcc/avr/5.4.0/avr51\libgcc.a(_copy_data.o)
 .text.libgcc.builtins
                0x00000000        0x0 c:/program files (x86)/atmel/studio/7.0/toolchain/avr8/avr8-gnu-toolchain/bin/../lib/gcc/avr/5.4.0/avr51\libgcc.a(_copy_data.o)
 .text.libgcc.fmul
                0x00000000        0x0 c:/program files (x86)/atmel/studio/7.0/toolchain/avr8/avr8-gnu-toolchain/bin/../lib/gcc/avr/5.4.0/avr51\libgcc.a(_copy_data.o)
 .text.libgcc.fixed
                0x00000000        0x0 c:/program files (x86)/atmel/studio/7.0/toolchain/avr8/avr8-gnu-toolchain/bin/../lib/gcc/avr/5.4.0/avr51\libgcc.a(_copy_data.o)
 .text          0x00000000        0x0 c:/program files (x86)/atmel/studio/7.0/toolchain/avr8/avr8-gnu-toolchain/bin/../lib/gcc/avr/5.4.0/avr51\libgcc.a(_clear_bss.o)
 .data          0x00000000        0x0 c:/program files (x86)/atmel/studio/7.0/toolchain/avr8/avr8-gnu-toolchain/bin/../lib/gcc/avr/5.4.0/avr51\libgcc.a(_clear_bss.o)
 .bss           0x00000000        0x0 c:/program files (x86)/atmel/studio/7.0/toolchain/avr8/avr8-gnu-toolchain/bin/../lib/gcc/avr/5.4.0/avr51\libgcc.a(_clear_bss.o)
 .text.libgcc.mul
                0x00000000        0x0 c:/program files (x86)/atmel/studio/7.0/toolchain/avr8/avr8-gnu-toolchain/bin/../lib/gcc/avr/5.4.0/avr51\libgcc.a(_clear_bss.o)
 .text.libgcc.div
                0x00000000        0x0 c:/program files (x86)/atmel/studio/7.0/toolchain/avr8/avr8-gnu-toolchain/bin/../lib/gcc/avr/5.4.0/avr51\libgcc.a(_clear_bss.o)
 .text.libgcc   0x00000000        0x0 c:/program files (x86)/atmel/studio/7.0/toolchain/avr8/avr8-gnu-toolchain/bin/../lib/gcc/avr/5.4.0/avr51\libgcc.a(_clear_bss.o)
 .text.libgcc.prologue
                0x00000000        0x0 c:/program files (x86)/atmel/studio/7.0/toolchain/avr8/avr8-gnu-toolchain/bin/../lib/gcc/avr/5.4.0/avr51\libgcc.a(_clear_bss.o)
 .text.libgcc.builtins
                0x00000000        0x0 c:/program files (x86)/atmel/studio/7.0/toolchain/avr8/avr8-gnu-toolchain/bin/../lib/gcc/avr/5.4.0/avr51\libgcc.a(_clear_bss.o)
 .text.libgcc.fmul
                0x00000000        0x0 c:/program files (x86)/atmel/studio/7.0/toolchain/avr8/avr8-gnu-toolchain/bin/../lib/gcc/avr/5.4.0/avr51\libgcc.a(_clear_bss.o)
 .text.libgcc.fixed
                0x00000000        0x0 c:/program files (x86)/atmel/studio/7.0/toolchain/avr8/avr8-gnu-toolchain/bin/../lib/gcc/avr/5.4.0/avr51\libgcc.a(_clear_bss.o)

Memory Configuration

Name             Origin             Length             Attributes
text             0x00000000         0x00020000         xr
data             0x00800100         0x00001000         rw !x
eeprom           0x00810000         0x00001000         rw !x
fuse             0x00820000         0x00000003         rw !x
lock             0x00830000         0x00000400         rw !x
signature        0x00840000         0x00000400         rw !x
user_signatures  0x00850000         0x00000400         rw !x
*default*        0x00000000         0xffffffff

Linker script and memory map

Address of section .data set to 0x800100
LOAD C:/Program Files (x86)/Atmel/Studio/7.0/Packs/atmel/ATmega_DFP/1.6.364/gcc/dev/atmega128a/avr51/crtatmega128a.o
LOAD color_led/color.o
LOAD interrupt/int.o
LOAD LCD/LCD.o
LOAD main.o
LOAD modules/keypad.o
LOAD Timer/Timer.o
LOAD UART/UART.o
START GROUP
LOAD c:/program files (x86)/atmel/studio/7.0/toolchain/avr8/avr8-gnu-toolchain/bin/../lib/gcc/avr/5.4.0/../../../../avr/lib/avr51\libm.a
END GROUP
START GROUP
LOAD c:/program files (x86)/atmel/studio/7.0/toolchain/avr8/avr8-gnu-toolchain/bin/../lib/gcc/avr/5.4.0/avr51\libgcc.a
LOAD c:/program files (x86)/atmel/studio/7.0/toolchain/avr8/avr8-gnu-toolchain/bin/../lib/gcc/avr/5.4.0/../../../../avr/lib/avr51\libm.a
LOAD c:/program files (x86)/atmel/studio/7.0/toolchain/avr8/avr8-gnu-toolchain/bin/../lib/gcc/avr/5.4.0/../../../../avr/lib/avr51\libc.a
LOAD C:/Program Files (x86)/Atmel/Studio/7.0/Packs/atmel/ATmega_DFP/1.6.364/gcc/dev/atmega128a/avr51\libatmega128a.a
END GROUP
                [0x00000000]                __TEXT_REGION_ORIGIN__ = DEFINED (__TEXT_REGION_ORIGIN__)?__TEXT_REGION_ORIGIN__:0x0
                [0x00800100]                __DATA_REGION_ORIGIN__ = DEFINED (__DATA_REGION_ORIGIN__)?__DATA_REGION_ORIGIN__:0x800100
                [0x00020000]                __TEXT_REGION_LENGTH__ = DEFINED (__TEXT_REGION_LENGTH__)?__TEXT_REGION_LENGTH__:0x20000
                [0x00001000]                __DATA_REGION_LENGTH__ = DEFINED (__DATA_REGION_LENGTH__)?__DATA_REGION_LENGTH__:0xff00
                [0x00001000]                __EEPROM_REGION_LENGTH__ = DEFINED (__EEPROM_REGION_LENGTH__)?__EEPROM_REGION_LENGTH__:0x10000
                [0x00000003]                __FUSE_REGION_LENGTH__ = DEFINED (__FUSE_REGION_LENGTH__)?__FUSE_REGION_LENGTH__:0x400
                0x00000400                __LOCK_REGION_LENGTH__ = DEFINED (__LOCK_REGION_LENGTH__)?__LOCK_REGION_LENGTH__:0x400
                0x00000400                __SIGNATURE_REGION_LENGTH__ = DEFINED (__SIGNATURE_REGION_LENGTH__)?__SIGNATURE_REGION_LENGTH__:0x400
                0x00000400                __USER_SIGNATURE_REGION_LENGTH__ = DEFINED (__USER_SIGNATURE_REGION_LENGTH__)?__USER_SIGNATURE_REGION_LENGTH__:0x400

.hash
 *(.hash)

.dynsym
 *(.dynsym)

.dynstr
 *(.dynstr)

.gnu.version
 *(.gnu.version)

.gnu.version_d
 *(.gnu.version_d)

.gnu.version_r
 *(.gnu.version_r)

.rel.init
 *(.rel.init)

.rela.init
 *(.rela.init)

.rel.text
 *(.rel.text)
 *(.rel.text.*)
 *(.rel.gnu.linkonce.t*)

.rela.text
 *(.rela.text)
 *(.rela.text.*)
 *(.rela.gnu.linkonce.t*)

.rel.fini
 *(.rel.fini)

.rela.fini
 *(.rela.fini)

.rel.rodata
 *(.rel.rodata)
 *(.rel.rodata.*)
 *(.rel.gnu.linkonce.r*)

.rela.rodata
 *(.rela.rodata)
 *(.rela.rodata.*)
 *(.rela.gnu.linkonce.r*)

.rel.data
 *(.rel.data)
 *(.rel.data.*)
 *(.rel.gnu.linkonce.d*)

.rela.data
 *(.rela.data)
 *(.rela.data.*)
 *(.rela.gnu.linkonce.d*)

.rel.ctors
 *(.rel.ctors)

.rela.ctors
 *(.rela.ctors)

.rel.dtors
 *(.rel.dtors)

.rela.dtors
 *(.rela.dtors)

.rel.got
 *(.rel.got)

.rela.got
 *(.rela.got)

.rel.bss
 *(.rel.bss)

.rela.bss
 *(.rela.bss)

.rel.plt
 *(.rel.plt)

.rela.plt
 *(.rela.plt)

.text           0x00000000      0x9a0
 *(.vectors)
 .vectors       0x00000000       0x8c C:/Program Files (x86)/Atmel/Studio/7.0/Packs/atmel/ATmega_DFP/1.6.364/gcc/dev/atmega128a/avr51/crtatmega128a.o
                0x00000000                __vector_default
                0x00000000                __vectors
 *(.vectors)
 *(.progmem.gcc*)
                0x0000008c                . = ALIGN (0x2)
                0x0000008c                __trampolines_start = .
 *(.trampolines)
 .trampolines   0x0000008c        0x0 linker stubs
 *(.trampolines*)
                0x0000008c                __trampolines_end = .
 *libprintf_flt.a:*(.progmem.data)
 *libc.a:*(.progmem.data)
 *(.progmem*)
                0x0000008c                . = ALIGN (0x2)
 *(.jumptables)
 *(.jumptables*)
 *(.lowtext)
 *(.lowtext*)
                0x0000008c                __ctors_start = .
 *(.ctors)
                0x0000008c                __ctors_end = .
                0x0000008c                __dtors_start = .
 *(.dtors)
                0x0000008c                __dtors_end = .
 SORT(*)(.ctors)
 SORT(*)(.dtors)
 *(.init0)
 .init0         0x0000008c        0x0 C:/Program Files (x86)/Atmel/Studio/7.0/Packs/atmel/ATmega_DFP/1.6.364/gcc/dev/atmega128a/avr51/crtatmega128a.o
                0x0000008c                __init
 *(.init0)
 *(.init1)
 *(.init1)
 *(.init2)
 .init2         0x0000008c        0xc C:/Program Files (x86)/Atmel/Studio/7.0/Packs/atmel/ATmega_DFP/1.6.364/gcc/dev/atmega128a/avr51/crtatmega128a.o
 *(.init2)
 *(.init3)
 *(.init3)
 *(.init4)
 .init4         0x00000098       0x1a c:/program files (x86)/atmel/studio/7.0/toolchain/avr8/avr8-gnu-toolchain/bin/../lib/gcc/avr/5.4.0/avr51\libgcc.a(_copy_data.o)
                0x00000098                __do_copy_data
 .init4         0x000000b2       0x10 c:/program files (x86)/atmel/studio/7.0/toolchain/avr8/avr8-gnu-toolchain/bin/../lib/gcc/avr/5.4.0/avr51\libgcc.a(_clear_bss.o)
                0x000000b2                __do_clear_bss
 *(.init4)
 *(.init5)
 *(.init5)
 *(.init6)
 *(.init6)
 *(.init7)
 *(.init7)
 *(.init8)
 *(.init8)
 *(.init9)
 .init9         0x000000c2        0x4 C:/Program Files (x86)/Atmel/Studio/7.0/Packs/atmel/ATmega_DFP/1.6.364/gcc/dev/atmega128a/avr51/crtatmega128a.o
 *(.init9)
 *(.text)
 .text          0x000000c6        0x2 C:/Program Files (x86)/Atmel/Studio/7.0/Packs/atmel/ATmega_DFP/1.6.364/gcc/dev/atmega128a/avr51/crtatmega128a.o
                0x000000c6                __vector_22
                0x000000c6                __vector_28
                0x000000c6                __vector_32
                0x000000c6                __vector_34
                0x000000c6                __vector_24
                0x000000c6                __vector_12
                0x000000c6                __bad_interrupt
                0x000000c6                __vector_6
                0x000000c6                __vector_31
                0x000000c6                __vector_23
                0x000000c6                __vector_30
                0x000000c6                __vector_25
                0x000000c6                __vector_11
                0x000000c6                __vector_13
                0x000000c6                __vector_17
                0x000000c6                __vector_19
                0x000000c6                __vector_7
                0x000000c6                __vector_27
                0x000000c6                __vector_5
                0x000000c6                __vector_33
                0x000000c6                __vector_9
                0x000000c6                __vector_21
                0x000000c6                __vector_15
                0x000000c6                __vector_29
                0x000000c6                __vector_8
                0x000000c6                __vector_14
                0x000000c6                __vector_10
                0x000000c6                __vector_16
                0x000000c6                __vector_20
                0x000000c8                . = ALIGN (0x2)
 *(.text.*)
 .text.Init_color
                0x000000c8       0x16 color_led/color.o
                0x000000c8                Init_color
 .text.change_color
                0x000000de       0x4a color_led/color.o
                0x000000de                change_color
 .text.__vector_1
                0x00000128       0x4e interrupt/int.o
                0x00000128                __vector_1
 .text.__vector_2
                0x00000176       0x80 interrupt/int.o
                0x00000176                __vector_2
 .text.__vector_3
                0x000001f6       0x80 interrupt/int.o
                0x000001f6                __vector_3
 .text.__vector_4
                0x00000276       0x80 interrupt/int.o
                0x00000276                __vector_4
 .text.Init_int
                0x000002f6        0xe interrupt/int.o
                0x000002f6                Init_int
 .text.Lock_int
                0x00000304        0x8 interrupt/int.o
                0x00000304                Lock_int
 .text.select   0x0000030c       0x3c interrupt/int.o
                0x0000030c                select
 .text.PortInit
                0x00000348        0xa LCD/LCD.o
                0x00000348                PortInit
 .text.LCD_Data
                0x00000352       0x28 LCD/LCD.o
                0x00000352                LCD_Data
 .text.LCD_Comm
                0x0000037a       0x28 LCD/LCD.o
                0x0000037a                LCD_Comm
 .text.LCD_CHAR
                0x000003a2        0xe LCD/LCD.o
                0x000003a2                LCD_CHAR
 .text.LCD_STR  0x000003b0       0x18 LCD/LCD.o
                0x000003b0                LCD_STR
 .text.LCD_pos  0x000003c8       0x10 LCD/LCD.o
                0x000003c8                LCD_pos
 .text.LCD_Clear
                0x000003d8       0x10 LCD/LCD.o
                0x000003d8                LCD_Clear
 .text.LCD_Init
                0x000003e8       0x54 LCD/LCD.o
                0x000003e8                LCD_Init
 .text.LCD_strout
                0x0000043c       0x12 LCD/LCD.o
                0x0000043c                LCD_strout
 .text.LCD_charout
                0x0000044e        0xe LCD/LCD.o
                0x0000044e                LCD_charout
 .text.main     0x0000045c      0x14c main.o
                0x0000045c                main
 .text.keypad_Init
                0x000005a8        0x6 modules/keypad.o
                0x000005a8                keypad_Init
 .text.find_ROWS
                0x000005ae       0x2e modules/keypad.o
                0x000005ae                find_ROWS
 .text.reset    0x000005dc       0x16 modules/keypad.o
                0x000005dc                reset
 .text.findnumber
                0x000005f2       0xcc modules/keypad.o
                0x000005f2                findnumber
 .text.cp_pass  0x000006be       0xb4 modules/keypad.o
                0x000006be                cp_pass
 .text.__vector_26
                0x00000772       0xbe Timer/Timer.o
                0x00000772                __vector_26
 .text.Init_time
                0x00000830       0x1a Timer/Timer.o
                0x00000830                Init_time
 .text.Init_timer
                0x0000084a       0x2c Timer/Timer.o
                0x0000084a                Init_timer
 .text.Init_USART
                0x00000876       0x1a UART/UART.o
                0x00000876                Init_USART
 .text.Serial_Send
                0x00000890        0xe UART/UART.o
                0x00000890                Serial_Send
 .text.USART0_str
                0x0000089e       0x18 UART/UART.o
                0x0000089e                USART0_str
 .text.__vector_18
                0x000008b6       0x7e UART/UART.o
                0x000008b6                __vector_18
 .text.check_pass
                0x00000934       0x68 UART/UART.o
                0x00000934                check_pass
                0x0000099c                . = ALIGN (0x2)
 *(.fini9)
 .fini9         0x0000099c        0x0 c:/program files (x86)/atmel/studio/7.0/toolchain/avr8/avr8-gnu-toolchain/bin/../lib/gcc/avr/5.4.0/avr51\libgcc.a(_exit.o)
                0x0000099c                _exit
                0x0000099c                exit
 *(.fini9)
 *(.fini8)
 *(.fini8)
 *(.fini7)
 *(.fini7)
 *(.fini6)
 *(.fini6)
 *(.fini5)
 *(.fini5)
 *(.fini4)
 *(.fini4)
 *(.fini3)
 *(.fini3)
 *(.fini2)
 *(.fini2)
 *(.fini1)
 *(.fini1)
 *(.fini0)
 .fini0         0x0000099c        0x4 c:/program files (x86)/atmel/studio/7.0/toolchain/avr8/avr8-gnu-toolchain/bin/../lib/gcc/avr/5.4.0/avr51\libgcc.a(_exit.o)
 *(.fini0)
                0x000009a0                _etext = .

.data           0x00800100      0x21c load address 0x000009a0
                0x00800100                PROVIDE (__data_start, .)
 *(.data)
 *(.data*)
 .data.RGB_Table
                0x00800100       0x12 color_led/color.o
                0x00800100                RGB_Table
 .data.cols     0x00800112        0x2 modules/keypad.o
                0x00800112                cols
 .data.rows     0x00800114        0x2 modules/keypad.o
                0x00800114                rows
 *(.gnu.linkonce.d*)
 *(.rodata)
 *(.rodata*)
 .rodata.str1.1
                0x00800116       0x7d interrupt/int.o
 .rodata.str1.1
                0x00800193      0x119 main.o
                                0x131 (size before relaxing)
 .rodata.str1.1
                0x008002ac        0xd modules/keypad.o
 .rodata.pads   0x008002b9        0xc modules/keypad.o
                0x008002b9                pads
 .rodata.str1.1
                0x008002c5       0x26 Timer/Timer.o
 .rodata.str1.1
                0x008002eb       0x30 UART/UART.o
                                 0x3b (size before relaxing)
 *(.gnu.linkonce.r*)
                0x0080031c                . = ALIGN (0x2)
 *fill*         0x0080031b        0x1 
                0x0080031c                _edata = .
                0x0080031c                PROVIDE (__data_end, .)

.bss            0x0080031c        0xf
                0x0080031c                PROVIDE (__bss_start, .)
 *(.bss)
 *(.bss*)
 .bss.temp      0x0080031c        0x2 modules/keypad.o
                0x0080031c                temp
 .bss.second    0x0080031e        0x2 Timer/Timer.o
                0x0080031e                second
 .bss.timer_cnt
                0x00800320        0x2 Timer/Timer.o
                0x00800320                timer_cnt
 .bss.locked    0x00800322        0x2 UART/UART.o
                0x00800322                locked
 *(COMMON)
 COMMON         0x00800324        0x7 interrupt/int.o
                0x00800324                pass
                0x00800329                Rflag
                0x0080032a                data
                0x0080032b                PROVIDE (__bss_end, .)
                0x000009a0                __data_load_start = LOADADDR (.data)
                0x00000bbc                __data_load_end = (__data_load_start + SIZEOF (.data))

.noinit         0x0080032b        0x0
                [!provide]                PROVIDE (__noinit_start, .)
 *(.noinit*)
                [!provide]                PROVIDE (__noinit_end, .)
                0x0080032b                _end = .
                [!provide]                PROVIDE (__heap_start, .)

.eeprom         0x00810000        0x0
 *(.eeprom*)
                0x00810000                __eeprom_end = .

.fuse
 *(.fuse)
 *(.lfuse)
 *(.hfuse)
 *(.efuse)

.lock
 *(.lock*)

.signature
 *(.signature*)

.user_signatures
 *(.user_signatures*)

.stab
 *(.stab)

.stabstr
 *(.stabstr)

.stab.excl
 *(.stab.excl)

.stab.exclstr
 *(.stab.exclstr)

.stab.index
 *(.stab.index)

.stab.indexstr
 *(.stab.indexstr)

.comment        0x00000000       0x30
 *(.comment)
 .comment       0x00000000       0x30 color_led/color.o
                                 0x31 (size before relaxing)
 .comment       0x00000030       0x31 interrupt/int.o
 .comment       0x00000030       0x31 LCD/LCD.o
 .comment       0x00000030       0x31 main.o
 .comment       0x00000030       0x31 modules/keypad.o
 .comment       0x00000030       0x31 Timer/Timer.o
 .comment       0x00000030       0x31 UART/UART.o

.note.gnu.avr.deviceinfo
                0x00000000       0x40
 .note.gnu.avr.deviceinfo
                0x00000000       0x40 C:/Program Files (x86)/Atmel/Studio/7.0/Packs/atmel/ATmega_DFP/1.6.364/gcc/dev/atmega128a/avr51/crtatmega128a.o

.note.gnu.build-id
 *(.note.gnu.build-id)

.debug
 *(.debug)

.line
 *(.line)

.debug_srcinfo
 *(.debug_srcinfo)

.debug_sfnames
 *(.debug_sfnames)

.debug_aranges  0x00000000      0x1b8
 *(.debug_aranges)
 .debug_aranges
                0x00000000       0x28 color_led/color.o
 .debug_aranges
                0x00000028       0x50 interrupt/int.o
 .debug_aranges
                0x00000078       0x68 LCD/LCD.o
 .debug_aranges
                0x000000e0       0x20 main.o
 .debug_aranges
                0x00000100       0x40 modules/keypad.o
 .debug_aranges
                0x00000140       0x30 Timer/Timer.o
 .debug_aranges
                0x00000170       0x48 UART/UART.o

.debug_pubnames
 *(.debug_pubnames)

.debug_info     0x00000000     0x21b1
 *(.debug_info .gnu.linkonce.wi.*)
 .debug_info    0x00000000      0x780 C:/Program Files (x86)/Atmel/Studio/7.0/Packs/atmel/ATmega_DFP/1.6.364/gcc/dev/atmega128a/avr51/crtatmega128a.o
 .debug_info    0x00000780       0xfd color_led/color.o
 .debug_info    0x0000087d      0x415 interrupt/int.o
 .debug_info    0x00000c92      0x60c LCD/LCD.o
 .debug_info    0x0000129e      0x65b main.o
 .debug_info    0x000018f9      0x3f5 modules/keypad.o
 .debug_info    0x00001cee      0x1c1 Timer/Timer.o
 .debug_info    0x00001eaf      0x302 UART/UART.o

.debug_abbrev   0x00000000     0x10a5
 *(.debug_abbrev)
 .debug_abbrev  0x00000000      0x718 C:/Program Files (x86)/Atmel/Studio/7.0/Packs/atmel/ATmega_DFP/1.6.364/gcc/dev/atmega128a/avr51/crtatmega128a.o
 .debug_abbrev  0x00000718       0xac color_led/color.o
 .debug_abbrev  0x000007c4      0x180 interrupt/int.o
 .debug_abbrev  0x00000944      0x188 LCD/LCD.o
 .debug_abbrev  0x00000acc      0x15e main.o
 .debug_abbrev  0x00000c2a      0x1e9 modules/keypad.o
 .debug_abbrev  0x00000e13       0xde Timer/Timer.o
 .debug_abbrev  0x00000ef1      0x1b4 UART/UART.o

.debug_line     0x00000000     0x11b3
 *(.debug_line .debug_line.* .debug_line_end)
 .debug_line    0x00000000      0x16a C:/Program Files (x86)/Atmel/Studio/7.0/Packs/atmel/ATmega_DFP/1.6.364/gcc/dev/atmega128a/avr51/crtatmega128a.o
 .debug_line    0x0000016a       0xea color_led/color.o
 .debug_line    0x00000254      0x2a7 interrupt/int.o
 .debug_line    0x000004fb      0x2d4 LCD/LCD.o
 .debug_line    0x000007cf      0x2fe main.o
 .debug_line    0x00000acd      0x2f0 modules/keypad.o
 .debug_line    0x00000dbd      0x18a Timer/Timer.o
 .debug_line    0x00000f47      0x26c UART/UART.o

.debug_frame    0x00000000      0x4d8
 *(.debug_frame)
 .debug_frame   0x00000000       0x34 color_led/color.o
 .debug_frame   0x00000034      0x1b0 interrupt/int.o
 .debug_frame   0x000001e4       0xd4 LCD/LCD.o
 .debug_frame   0x000002b8       0x24 main.o
 .debug_frame   0x000002dc       0x9c modules/keypad.o
 .debug_frame   0x00000378       0x8c Timer/Timer.o
 .debug_frame   0x00000404       0xd4 UART/UART.o

.debug_str      0x00000000      0x653
 *(.debug_str)
 .debug_str     0x00000000      0x27d C:/Program Files (x86)/Atmel/Studio/7.0/Packs/atmel/ATmega_DFP/1.6.364/gcc/dev/atmega128a/avr51/crtatmega128a.o
 .debug_str     0x0000027d      0x173 color_led/color.o
                                0x1b2 (size before relaxing)
 .debug_str     0x000003f0       0xfd interrupt/int.o
                                0x26f (size before relaxing)
 .debug_str     0x000004ed       0x7c LCD/LCD.o
                                0x239 (size before relaxing)
 .debug_str     0x00000569       0x68 main.o
                                0x2c8 (size before relaxing)
 .debug_str     0x000005d1       0x3e modules/keypad.o
                                0x233 (size before relaxing)
 .debug_str     0x0000060f       0x1d Timer/Timer.o
                                0x1e6 (size before relaxing)
 .debug_str     0x0000062c       0x27 UART/UART.o
                                0x21d (size before relaxing)

.debug_loc      0x00000000     0x10f2
 *(.debug_loc)
 .debug_loc     0x00000000       0x39 color_led/color.o
 .debug_loc     0x00000039      0x492 interrupt/int.o
 .debug_loc     0x000004cb      0x561 LCD/LCD.o
 .debug_loc     0x00000a2c       0xeb main.o
 .debug_loc     0x00000b17      0x328 modules/keypad.o
 .debug_loc     0x00000e3f       0xcb Timer/Timer.o
 .debug_loc     0x00000f0a      0x1e8 UART/UART.o

.debug_macinfo
 *(.debug_macinfo)

.debug_weaknames
 *(.debug_weaknames)

.debug_funcnames
 *(.debug_funcnames)

.debug_typenames
 *(.debug_typenames)

.debug_varnames
 *(.debug_varnames)

.debug_pubtypes
 *(.debug_pubtypes)

.debug_ranges   0x00000000      0x160
 *(.debug_ranges)
 .debug_ranges  0x00000000       0x18 color_led/color.o
 .debug_ranges  0x00000018       0x40 interrupt/int.o
 .debug_ranges  0x00000058       0x58 LCD/LCD.o
 .debug_ranges  0x000000b0       0x10 main.o
 .debug_ranges  0x000000c0       0x48 modules/keypad.o
 .debug_ranges  0x00000108       0x20 Timer/Timer.o
 .debug_ranges  0x00000128       0x38 UART/UART.o

.debug_macro
 *(.debug_macro)
OUTPUT(Project_meditator.elf elf32-avr)
LOAD linker stubs
