Archive member included to satisfy reference by file (symbol)

c:/program files (x86)/atmel/studio/7.0/toolchain/avr8/avr8-gnu-toolchain/bin/../lib/gcc/avr/5.4.0/avr51\libgcc.a(_exit.o)
                              C:/Program Files (x86)/Atmel/Studio/7.0/Packs/atmel/ATmega_DFP/1.6.364/gcc/dev/atmega128a/avr51/crtatmega128a.o (exit)
c:/program files (x86)/atmel/studio/7.0/toolchain/avr8/avr8-gnu-toolchain/bin/../lib/gcc/avr/5.4.0/avr51\libgcc.a(_tablejump2.o)
                              main.o (__tablejump2__)
c:/program files (x86)/atmel/studio/7.0/toolchain/avr8/avr8-gnu-toolchain/bin/../lib/gcc/avr/5.4.0/avr51\libgcc.a(_copy_data.o)
                              Cds/Cds.o (__do_copy_data)
c:/program files (x86)/atmel/studio/7.0/toolchain/avr8/avr8-gnu-toolchain/bin/../lib/gcc/avr/5.4.0/avr51\libgcc.a(_clear_bss.o)
                              Cds/Cds.o (__do_clear_bss)
c:/program files (x86)/atmel/studio/7.0/toolchain/avr8/avr8-gnu-toolchain/bin/../lib/gcc/avr/5.4.0/../../../../avr/lib/avr51\libc.a(malloc.o)
                              In_out/In_out.o (malloc)
c:/program files (x86)/atmel/studio/7.0/toolchain/avr8/avr8-gnu-toolchain/bin/../lib/gcc/avr/5.4.0/../../../../avr/lib/avr51\libc.a(strcmp.o)
                              In_out/In_out.o (strcmp)
c:/program files (x86)/atmel/studio/7.0/toolchain/avr8/avr8-gnu-toolchain/bin/../lib/gcc/avr/5.4.0/../../../../avr/lib/avr51\libc.a(strcpy.o)
                              In_out/In_out.o (strcpy)

Allocating common symbols
Common symbol       size              file

pass                0x5               Cds/Cds.o
Rflag               0x1               Cds/Cds.o
__brkval            0x2               c:/program files (x86)/atmel/studio/7.0/toolchain/avr8/avr8-gnu-toolchain/bin/../lib/gcc/avr/5.4.0/../../../../avr/lib/avr51\libc.a(malloc.o)
backmenu            0x1               UART/UART.o
data                0x1               Cds/Cds.o
temp_name           0x14              Cds/Cds.o
__flp               0x2               c:/program files (x86)/atmel/studio/7.0/toolchain/avr8/avr8-gnu-toolchain/bin/../lib/gcc/avr/5.4.0/../../../../avr/lib/avr51\libc.a(malloc.o)

Discarded input sections

 .data          0x00000000        0x0 C:/Program Files (x86)/Atmel/Studio/7.0/Packs/atmel/ATmega_DFP/1.6.364/gcc/dev/atmega128a/avr51/crtatmega128a.o
 .bss           0x00000000        0x0 C:/Program Files (x86)/Atmel/Studio/7.0/Packs/atmel/ATmega_DFP/1.6.364/gcc/dev/atmega128a/avr51/crtatmega128a.o
 .text          0x00000000        0x0 Cds/Cds.o
 .data          0x00000000        0x0 Cds/Cds.o
 .bss           0x00000000        0x0 Cds/Cds.o
 .text          0x00000000        0x0 color_led/color.o
 .data          0x00000000        0x0 color_led/color.o
 .bss           0x00000000        0x0 color_led/color.o
 .text          0x00000000        0x0 interrupt/int.o
 .data          0x00000000        0x0 interrupt/int.o
 .bss           0x00000000        0x0 interrupt/int.o
 COMMON         0x00000000        0x0 interrupt/int.o
 .text          0x00000000        0x0 In_out/In_out.o
 .data          0x00000000        0x0 In_out/In_out.o
 .bss           0x00000000        0x0 In_out/In_out.o
 .text          0x00000000        0x0 LCD/LCD.o
 .data          0x00000000        0x0 LCD/LCD.o
 .bss           0x00000000        0x0 LCD/LCD.o
 .text          0x00000000        0x0 main.o
 .data          0x00000000        0x0 main.o
 .bss           0x00000000        0x0 main.o
 .text          0x00000000        0x0 modules/keypad.o
 .data          0x00000000        0x0 modules/keypad.o
 .bss           0x00000000        0x0 modules/keypad.o
 .text          0x00000000        0x0 system/system.o
 .data          0x00000000        0x0 system/system.o
 .bss           0x00000000        0x0 system/system.o
 .text.back     0x00000000       0x12 system/system.o
 .text          0x00000000        0x0 Timer/Timer.o
 .data          0x00000000        0x0 Timer/Timer.o
 .bss           0x00000000        0x0 Timer/Timer.o
 .text.wait     0x00000000        0xe Timer/Timer.o
 .bss.timer     0x00000000        0x2 Timer/Timer.o
 .text          0x00000000        0x0 UART/UART.o
 .data          0x00000000        0x0 UART/UART.o
 .bss           0x00000000        0x0 UART/UART.o
 .text.Serial_Rece
                0x00000000        0xe UART/UART.o
 COMMON         0x00000000        0x1 UART/UART.o
 .text          0x00000000        0x0 c:/program files (x86)/atmel/studio/7.0/toolchain/avr8/avr8-gnu-toolchain/bin/../lib/gcc/avr/5.4.0/avr51\libgcc.a(_exit.o)
 .data          0x00000000        0x0 c:/program files (x86)/atmel/studio/7.0/toolchain/avr8/avr8-gnu-toolchain/bin/../lib/gcc/avr/5.4.0/avr51\libgcc.a(_exit.o)
 .bss           0x00000000        0x0 c:/program files (x86)/atmel/studio/7.0/toolchain/avr8/avr8-gnu-toolchain/bin/../lib/gcc/avr/5.4.0/avr51\libgcc.a(_exit.o)
 .text.libgcc.mul
                0x00000000        0x0 c:/program files (x86)/atmel/studio/7.0/toolchain/avr8/avr8-gnu-toolchain/bin/../lib/gcc/avr/5.4.0/avr51\libgcc.a(_exit.o)
 .text.libgcc.div
                0x00000000        0x0 c:/program files (x86)/atmel/studio/7.0/toolchain/avr8/avr8-gnu-toolchain/bin/../lib/gcc/avr/5.4.0/avr51\libgcc.a(_exit.o)
 .text.libgcc   0x00000000        0x0 c:/program files (x86)/atmel/studio/7.0/toolchain/avr8/avr8-gnu-toolchain/bin/../lib/gcc/avr/5.4.0/avr51\libgcc.a(_exit.o)
 .text.libgcc.prologue
                0x00000000        0x0 c:/program files (x86)/atmel/studio/7.0/toolchain/avr8/avr8-gnu-toolchain/bin/../lib/gcc/avr/5.4.0/avr51\libgcc.a(_exit.o)
 .text.libgcc.builtins
                0x00000000        0x0 c:/program files (x86)/atmel/studio/7.0/toolchain/avr8/avr8-gnu-toolchain/bin/../lib/gcc/avr/5.4.0/avr51\libgcc.a(_exit.o)
 .text.libgcc.fmul
                0x00000000        0x0 c:/program files (x86)/atmel/studio/7.0/toolchain/avr8/avr8-gnu-toolchain/bin/../lib/gcc/avr/5.4.0/avr51\libgcc.a(_exit.o)
 .text.libgcc.fixed
                0x00000000        0x0 c:/program files (x86)/atmel/studio/7.0/toolchain/avr8/avr8-gnu-toolchain/bin/../lib/gcc/avr/5.4.0/avr51\libgcc.a(_exit.o)
 .text          0x00000000        0x0 c:/program files (x86)/atmel/studio/7.0/toolchain/avr8/avr8-gnu-toolchain/bin/../lib/gcc/avr/5.4.0/avr51\libgcc.a(_tablejump2.o)
 .data          0x00000000        0x0 c:/program files (x86)/atmel/studio/7.0/toolchain/avr8/avr8-gnu-toolchain/bin/../lib/gcc/avr/5.4.0/avr51\libgcc.a(_tablejump2.o)
 .bss           0x00000000        0x0 c:/program files (x86)/atmel/studio/7.0/toolchain/avr8/avr8-gnu-toolchain/bin/../lib/gcc/avr/5.4.0/avr51\libgcc.a(_tablejump2.o)
 .text.libgcc.mul
                0x00000000        0x0 c:/program files (x86)/atmel/studio/7.0/toolchain/avr8/avr8-gnu-toolchain/bin/../lib/gcc/avr/5.4.0/avr51\libgcc.a(_tablejump2.o)
 .text.libgcc.div
                0x00000000        0x0 c:/program files (x86)/atmel/studio/7.0/toolchain/avr8/avr8-gnu-toolchain/bin/../lib/gcc/avr/5.4.0/avr51\libgcc.a(_tablejump2.o)
 .text.libgcc.prologue
                0x00000000        0x0 c:/program files (x86)/atmel/studio/7.0/toolchain/avr8/avr8-gnu-toolchain/bin/../lib/gcc/avr/5.4.0/avr51\libgcc.a(_tablejump2.o)
 .text.libgcc.builtins
                0x00000000        0x0 c:/program files (x86)/atmel/studio/7.0/toolchain/avr8/avr8-gnu-toolchain/bin/../lib/gcc/avr/5.4.0/avr51\libgcc.a(_tablejump2.o)
 .text.libgcc.fmul
                0x00000000        0x0 c:/program files (x86)/atmel/studio/7.0/toolchain/avr8/avr8-gnu-toolchain/bin/../lib/gcc/avr/5.4.0/avr51\libgcc.a(_tablejump2.o)
 .text.libgcc.fixed
                0x00000000        0x0 c:/program files (x86)/atmel/studio/7.0/toolchain/avr8/avr8-gnu-toolchain/bin/../lib/gcc/avr/5.4.0/avr51\libgcc.a(_tablejump2.o)
 .text          0x00000000        0x0 c:/program files (x86)/atmel/studio/7.0/toolchain/avr8/avr8-gnu-toolchain/bin/../lib/gcc/avr/5.4.0/avr51\libgcc.a(_copy_data.o)
 .data          0x00000000        0x0 c:/program files (x86)/atmel/studio/7.0/toolchain/avr8/avr8-gnu-toolchain/bin/../lib/gcc/avr/5.4.0/avr51\libgcc.a(_copy_data.o)
 .bss           0x00000000        0x0 c:/program files (x86)/atmel/studio/7.0/toolchain/avr8/avr8-gnu-toolchain/bin/../lib/gcc/avr/5.4.0/avr51\libgcc.a(_copy_data.o)
 .text.libgcc.mul
                0x00000000        0x0 c:/program files (x86)/atmel/studio/7.0/toolchain/avr8/avr8-gnu-toolchain/bin/../lib/gcc/avr/5.4.0/avr51\libgcc.a(_copy_data.o)
 .text.libgcc.div
                0x00000000        0x0 c:/program files (x86)/atmel/studio/7.0/toolchain/avr8/avr8-gnu-toolchain/bin/../lib/gcc/avr/5.4.0/avr51\libgcc.a(_copy_data.o)
 .text.libgcc   0x00000000        0x0 c:/program files (x86)/atmel/studio/7.0/toolchain/avr8/avr8-gnu-toolchain/bin/../lib/gcc/avr/5.4.0/avr51\libgcc.a(_copy_data.o)
 .text.libgcc.prologue
                0x00000000        0x0 c:/program files (x86)/atmel/studio/7.0/toolchain/avr8/avr8-gnu-toolchain/bin/../lib/gcc/avr/5.4.0/avr51\libgcc.a(_copy_data.o)
 .text.libgcc.builtins
                0x00000000        0x0 c:/program files (x86)/atmel/studio/7.0/toolchain/avr8/avr8-gnu-toolchain/bin/../lib/gcc/avr/5.4.0/avr51\libgcc.a(_copy_data.o)
 .text.libgcc.fmul
                0x00000000        0x0 c:/program files (x86)/atmel/studio/7.0/toolchain/avr8/avr8-gnu-toolchain/bin/../lib/gcc/avr/5.4.0/avr51\libgcc.a(_copy_data.o)
 .text.libgcc.fixed
                0x00000000        0x0 c:/program files (x86)/atmel/studio/7.0/toolchain/avr8/avr8-gnu-toolchain/bin/../lib/gcc/avr/5.4.0/avr51\libgcc.a(_copy_data.o)
 .text          0x00000000        0x0 c:/program files (x86)/atmel/studio/7.0/toolchain/avr8/avr8-gnu-toolchain/bin/../lib/gcc/avr/5.4.0/avr51\libgcc.a(_clear_bss.o)
 .data          0x00000000        0x0 c:/program files (x86)/atmel/studio/7.0/toolchain/avr8/avr8-gnu-toolchain/bin/../lib/gcc/avr/5.4.0/avr51\libgcc.a(_clear_bss.o)
 .bss           0x00000000        0x0 c:/program files (x86)/atmel/studio/7.0/toolchain/avr8/avr8-gnu-toolchain/bin/../lib/gcc/avr/5.4.0/avr51\libgcc.a(_clear_bss.o)
 .text.libgcc.mul
                0x00000000        0x0 c:/program files (x86)/atmel/studio/7.0/toolchain/avr8/avr8-gnu-toolchain/bin/../lib/gcc/avr/5.4.0/avr51\libgcc.a(_clear_bss.o)
 .text.libgcc.div
                0x00000000        0x0 c:/program files (x86)/atmel/studio/7.0/toolchain/avr8/avr8-gnu-toolchain/bin/../lib/gcc/avr/5.4.0/avr51\libgcc.a(_clear_bss.o)
 .text.libgcc   0x00000000        0x0 c:/program files (x86)/atmel/studio/7.0/toolchain/avr8/avr8-gnu-toolchain/bin/../lib/gcc/avr/5.4.0/avr51\libgcc.a(_clear_bss.o)
 .text.libgcc.prologue
                0x00000000        0x0 c:/program files (x86)/atmel/studio/7.0/toolchain/avr8/avr8-gnu-toolchain/bin/../lib/gcc/avr/5.4.0/avr51\libgcc.a(_clear_bss.o)
 .text.libgcc.builtins
                0x00000000        0x0 c:/program files (x86)/atmel/studio/7.0/toolchain/avr8/avr8-gnu-toolchain/bin/../lib/gcc/avr/5.4.0/avr51\libgcc.a(_clear_bss.o)
 .text.libgcc.fmul
                0x00000000        0x0 c:/program files (x86)/atmel/studio/7.0/toolchain/avr8/avr8-gnu-toolchain/bin/../lib/gcc/avr/5.4.0/avr51\libgcc.a(_clear_bss.o)
 .text.libgcc.fixed
                0x00000000        0x0 c:/program files (x86)/atmel/studio/7.0/toolchain/avr8/avr8-gnu-toolchain/bin/../lib/gcc/avr/5.4.0/avr51\libgcc.a(_clear_bss.o)
 .text          0x00000000        0x0 c:/program files (x86)/atmel/studio/7.0/toolchain/avr8/avr8-gnu-toolchain/bin/../lib/gcc/avr/5.4.0/../../../../avr/lib/avr51\libc.a(malloc.o)
 .bss           0x00000000        0x0 c:/program files (x86)/atmel/studio/7.0/toolchain/avr8/avr8-gnu-toolchain/bin/../lib/gcc/avr/5.4.0/../../../../avr/lib/avr51\libc.a(malloc.o)
 .text          0x00000000        0x0 c:/program files (x86)/atmel/studio/7.0/toolchain/avr8/avr8-gnu-toolchain/bin/../lib/gcc/avr/5.4.0/../../../../avr/lib/avr51\libc.a(strcmp.o)
 .data          0x00000000        0x0 c:/program files (x86)/atmel/studio/7.0/toolchain/avr8/avr8-gnu-toolchain/bin/../lib/gcc/avr/5.4.0/../../../../avr/lib/avr51\libc.a(strcmp.o)
 .bss           0x00000000        0x0 c:/program files (x86)/atmel/studio/7.0/toolchain/avr8/avr8-gnu-toolchain/bin/../lib/gcc/avr/5.4.0/../../../../avr/lib/avr51\libc.a(strcmp.o)
 .text          0x00000000        0x0 c:/program files (x86)/atmel/studio/7.0/toolchain/avr8/avr8-gnu-toolchain/bin/../lib/gcc/avr/5.4.0/../../../../avr/lib/avr51\libc.a(strcpy.o)
 .data          0x00000000        0x0 c:/program files (x86)/atmel/studio/7.0/toolchain/avr8/avr8-gnu-toolchain/bin/../lib/gcc/avr/5.4.0/../../../../avr/lib/avr51\libc.a(strcpy.o)
 .bss           0x00000000        0x0 c:/program files (x86)/atmel/studio/7.0/toolchain/avr8/avr8-gnu-toolchain/bin/../lib/gcc/avr/5.4.0/../../../../avr/lib/avr51\libc.a(strcpy.o)

Memory Configuration

Name             Origin             Length             Attributes
text             0x00000000         0x00020000         xr
data             0x00800100         0x00001000         rw !x
eeprom           0x00810000         0x00001000         rw !x
fuse             0x00820000         0x00000003         rw !x
lock             0x00830000         0x00000400         rw !x
signature        0x00840000         0x00000400         rw !x
user_signatures  0x00850000         0x00000400         rw !x
*default*        0x00000000         0xffffffff

Linker script and memory map

Address of section .data set to 0x800100
LOAD C:/Program Files (x86)/Atmel/Studio/7.0/Packs/atmel/ATmega_DFP/1.6.364/gcc/dev/atmega128a/avr51/crtatmega128a.o
LOAD Cds/Cds.o
LOAD color_led/color.o
LOAD interrupt/int.o
LOAD In_out/In_out.o
LOAD LCD/LCD.o
LOAD main.o
LOAD modules/keypad.o
LOAD system/system.o
LOAD Timer/Timer.o
LOAD UART/UART.o
START GROUP
LOAD c:/program files (x86)/atmel/studio/7.0/toolchain/avr8/avr8-gnu-toolchain/bin/../lib/gcc/avr/5.4.0/../../../../avr/lib/avr51\libm.a
END GROUP
START GROUP
LOAD c:/program files (x86)/atmel/studio/7.0/toolchain/avr8/avr8-gnu-toolchain/bin/../lib/gcc/avr/5.4.0/avr51\libgcc.a
LOAD c:/program files (x86)/atmel/studio/7.0/toolchain/avr8/avr8-gnu-toolchain/bin/../lib/gcc/avr/5.4.0/../../../../avr/lib/avr51\libm.a
LOAD c:/program files (x86)/atmel/studio/7.0/toolchain/avr8/avr8-gnu-toolchain/bin/../lib/gcc/avr/5.4.0/../../../../avr/lib/avr51\libc.a
LOAD C:/Program Files (x86)/Atmel/Studio/7.0/Packs/atmel/ATmega_DFP/1.6.364/gcc/dev/atmega128a/avr51\libatmega128a.a
END GROUP
                [0x00000000]                __TEXT_REGION_ORIGIN__ = DEFINED (__TEXT_REGION_ORIGIN__)?__TEXT_REGION_ORIGIN__:0x0
                [0x00800100]                __DATA_REGION_ORIGIN__ = DEFINED (__DATA_REGION_ORIGIN__)?__DATA_REGION_ORIGIN__:0x800100
                [0x00020000]                __TEXT_REGION_LENGTH__ = DEFINED (__TEXT_REGION_LENGTH__)?__TEXT_REGION_LENGTH__:0x20000
                [0x00001000]                __DATA_REGION_LENGTH__ = DEFINED (__DATA_REGION_LENGTH__)?__DATA_REGION_LENGTH__:0xff00
                [0x00001000]                __EEPROM_REGION_LENGTH__ = DEFINED (__EEPROM_REGION_LENGTH__)?__EEPROM_REGION_LENGTH__:0x10000
                [0x00000003]                __FUSE_REGION_LENGTH__ = DEFINED (__FUSE_REGION_LENGTH__)?__FUSE_REGION_LENGTH__:0x400
                0x00000400                __LOCK_REGION_LENGTH__ = DEFINED (__LOCK_REGION_LENGTH__)?__LOCK_REGION_LENGTH__:0x400
                0x00000400                __SIGNATURE_REGION_LENGTH__ = DEFINED (__SIGNATURE_REGION_LENGTH__)?__SIGNATURE_REGION_LENGTH__:0x400
                0x00000400                __USER_SIGNATURE_REGION_LENGTH__ = DEFINED (__USER_SIGNATURE_REGION_LENGTH__)?__USER_SIGNATURE_REGION_LENGTH__:0x400

.hash
 *(.hash)

.dynsym
 *(.dynsym)

.dynstr
 *(.dynstr)

.gnu.version
 *(.gnu.version)

.gnu.version_d
 *(.gnu.version_d)

.gnu.version_r
 *(.gnu.version_r)

.rel.init
 *(.rel.init)

.rela.init
 *(.rela.init)

.rel.text
 *(.rel.text)
 *(.rel.text.*)
 *(.rel.gnu.linkonce.t*)

.rela.text
 *(.rela.text)
 *(.rela.text.*)
 *(.rela.gnu.linkonce.t*)

.rel.fini
 *(.rel.fini)

.rela.fini
 *(.rela.fini)

.rel.rodata
 *(.rel.rodata)
 *(.rel.rodata.*)
 *(.rel.gnu.linkonce.r*)

.rela.rodata
 *(.rela.rodata)
 *(.rela.rodata.*)
 *(.rela.gnu.linkonce.r*)

.rel.data
 *(.rel.data)
 *(.rel.data.*)
 *(.rel.gnu.linkonce.d*)

.rela.data
 *(.rela.data)
 *(.rela.data.*)
 *(.rela.gnu.linkonce.d*)

.rel.ctors
 *(.rel.ctors)

.rela.ctors
 *(.rela.ctors)

.rel.dtors
 *(.rel.dtors)

.rela.dtors
 *(.rela.dtors)

.rel.got
 *(.rel.got)

.rela.got
 *(.rela.got)

.rel.bss
 *(.rel.bss)

.rela.bss
 *(.rela.bss)

.rel.plt
 *(.rel.plt)

.rela.plt
 *(.rela.plt)

.text           0x00000000     0x138c
 *(.vectors)
 .vectors       0x00000000       0x8c C:/Program Files (x86)/Atmel/Studio/7.0/Packs/atmel/ATmega_DFP/1.6.364/gcc/dev/atmega128a/avr51/crtatmega128a.o
                0x00000000                __vector_default
                0x00000000                __vectors
 *(.vectors)
 *(.progmem.gcc*)
 .progmem.gcc_sw_table.main
                0x0000008c        0xe main.o
                0x0000009a                . = ALIGN (0x2)
                0x0000009a                __trampolines_start = .
 *(.trampolines)
 .trampolines   0x0000009a        0x0 linker stubs
 *(.trampolines*)
                0x0000009a                __trampolines_end = .
 *libprintf_flt.a:*(.progmem.data)
 *libc.a:*(.progmem.data)
 *(.progmem*)
                0x0000009a                . = ALIGN (0x2)
 *(.jumptables)
 *(.jumptables*)
 *(.lowtext)
 *(.lowtext*)
                0x0000009a                __ctors_start = .
 *(.ctors)
                0x0000009a                __ctors_end = .
                0x0000009a                __dtors_start = .
 *(.dtors)
                0x0000009a                __dtors_end = .
 SORT(*)(.ctors)
 SORT(*)(.dtors)
 *(.init0)
 .init0         0x0000009a        0x0 C:/Program Files (x86)/Atmel/Studio/7.0/Packs/atmel/ATmega_DFP/1.6.364/gcc/dev/atmega128a/avr51/crtatmega128a.o
                0x0000009a                __init
 *(.init0)
 *(.init1)
 *(.init1)
 *(.init2)
 .init2         0x0000009a        0xc C:/Program Files (x86)/Atmel/Studio/7.0/Packs/atmel/ATmega_DFP/1.6.364/gcc/dev/atmega128a/avr51/crtatmega128a.o
 *(.init2)
 *(.init3)
 *(.init3)
 *(.init4)
 .init4         0x000000a6       0x1a c:/program files (x86)/atmel/studio/7.0/toolchain/avr8/avr8-gnu-toolchain/bin/../lib/gcc/avr/5.4.0/avr51\libgcc.a(_copy_data.o)
                0x000000a6                __do_copy_data
 .init4         0x000000c0       0x10 c:/program files (x86)/atmel/studio/7.0/toolchain/avr8/avr8-gnu-toolchain/bin/../lib/gcc/avr/5.4.0/avr51\libgcc.a(_clear_bss.o)
                0x000000c0                __do_clear_bss
 *(.init4)
 *(.init5)
 *(.init5)
 *(.init6)
 *(.init6)
 *(.init7)
 *(.init7)
 *(.init8)
 *(.init8)
 *(.init9)
 .init9         0x000000d0        0x6 C:/Program Files (x86)/Atmel/Studio/7.0/Packs/atmel/ATmega_DFP/1.6.364/gcc/dev/atmega128a/avr51/crtatmega128a.o
 *(.init9)
 *(.text)
 .text          0x000000d6        0x2 C:/Program Files (x86)/Atmel/Studio/7.0/Packs/atmel/ATmega_DFP/1.6.364/gcc/dev/atmega128a/avr51/crtatmega128a.o
                0x000000d6                __vector_22
                0x000000d6                __vector_28
                0x000000d6                __vector_32
                0x000000d6                __vector_34
                0x000000d6                __vector_24
                0x000000d6                __vector_12
                0x000000d6                __bad_interrupt
                0x000000d6                __vector_31
                0x000000d6                __vector_23
                0x000000d6                __vector_30
                0x000000d6                __vector_25
                0x000000d6                __vector_11
                0x000000d6                __vector_13
                0x000000d6                __vector_17
                0x000000d6                __vector_19
                0x000000d6                __vector_27
                0x000000d6                __vector_33
                0x000000d6                __vector_9
                0x000000d6                __vector_15
                0x000000d6                __vector_29
                0x000000d6                __vector_14
                0x000000d6                __vector_10
                0x000000d6                __vector_16
                0x000000d6                __vector_20
                0x000000d8                . = ALIGN (0x2)
 *(.text.*)
 .text.__vector_21
                0x000000d8       0xae Cds/Cds.o
                0x000000d8                __vector_21
 .text.Init_cds
                0x00000186       0x1e Cds/Cds.o
                0x00000186                Init_cds
 .text.Init_color
                0x000001a4       0x16 color_led/color.o
                0x000001a4                Init_color
 .text.change_color
                0x000001ba       0x4a color_led/color.o
                0x000001ba                change_color
 .text.__vector_1
                0x00000204       0x4e interrupt/int.o
                0x00000204                __vector_1
 .text.__vector_2
                0x00000252       0x80 interrupt/int.o
                0x00000252                __vector_2
 .text.__vector_3
                0x000002d2       0x80 interrupt/int.o
                0x000002d2                __vector_3
 .text.__vector_4
                0x00000352       0x80 interrupt/int.o
                0x00000352                __vector_4
 .text.__vector_5
                0x000003d2       0x7e interrupt/int.o
                0x000003d2                __vector_5
 .text.__vector_6
                0x00000450       0x76 interrupt/int.o
                0x00000450                __vector_6
 .text.__vector_7
                0x000004c6       0x84 interrupt/int.o
                0x000004c6                __vector_7
 .text.__vector_8
                0x0000054a       0x94 interrupt/int.o
                0x0000054a                __vector_8
 .text.Init_int
                0x000005de        0xe interrupt/int.o
                0x000005de                Init_int
 .text.Lock_int
                0x000005ec        0x6 interrupt/int.o
                0x000005ec                Lock_int
 .text.select   0x000005f2       0x3c interrupt/int.o
                0x000005f2                select
 .text.Clear_curr
                0x0000062e       0x34 In_out/In_out.o
                0x0000062e                Clear_curr
 .text.Enroll   0x00000662       0x5c In_out/In_out.o
                0x00000662                Enroll
 .text.Delete   0x000006be       0x6a In_out/In_out.o
                0x000006be                Delete
 .text.Toggle   0x00000728       0x7e In_out/In_out.o
                0x00000728                Toggle
 .text.print_list
                0x000007a6       0x5a In_out/In_out.o
                0x000007a6                print_list
 .text.person_LCD
                0x00000800       0xe6 In_out/In_out.o
                0x00000800                person_LCD
 .text.PortInit
                0x000008e6        0xa LCD/LCD.o
                0x000008e6                PortInit
 .text.LCD_Data
                0x000008f0       0x28 LCD/LCD.o
                0x000008f0                LCD_Data
 .text.LCD_Comm
                0x00000918       0x28 LCD/LCD.o
                0x00000918                LCD_Comm
 .text.LCD_CHAR
                0x00000940        0xe LCD/LCD.o
                0x00000940                LCD_CHAR
 .text.LCD_STR  0x0000094e       0x18 LCD/LCD.o
                0x0000094e                LCD_STR
 .text.LCD_pos  0x00000966       0x10 LCD/LCD.o
                0x00000966                LCD_pos
 .text.LCD_Clear
                0x00000976       0x10 LCD/LCD.o
                0x00000976                LCD_Clear
 .text.LCD_Init
                0x00000986       0x54 LCD/LCD.o
                0x00000986                LCD_Init
 .text.LCD_strout
                0x000009da       0x62 LCD/LCD.o
                0x000009da                LCD_strout
 .text.LCD_charout
                0x00000a3c        0xe LCD/LCD.o
                0x00000a3c                LCD_charout
 .text.main     0x00000a4a       0x9e main.o
                0x00000a4a                main
 .text.keypad_Init
                0x00000ae8        0x6 modules/keypad.o
                0x00000ae8                keypad_Init
 .text.find_ROWS
                0x00000aee       0x2e modules/keypad.o
                0x00000aee                find_ROWS
 .text.reset    0x00000b1c       0x16 modules/keypad.o
                0x00000b1c                reset
 .text.findnumber
                0x00000b32       0xcc modules/keypad.o
                0x00000b32                findnumber
 .text.cp_pass  0x00000bfe       0xe8 modules/keypad.o
                0x00000bfe                cp_pass
 .text.sendMessage
                0x00000ce6       0x7a system/system.o
                0x00000ce6                sendMessage
 .text.remote_color
                0x00000d60       0x12 system/system.o
                0x00000d60                remote_color
 .text.Init_system
                0x00000d72       0x12 system/system.o
                0x00000d72                Init_system
 .text.system_loading
                0x00000d84       0x34 system/system.o
                0x00000d84                system_loading
 .text.login    0x00000db8       0x4c system/system.o
                0x00000db8                login
 .text.Manage_Member
                0x00000e04       0x70 system/system.o
                0x00000e04                Manage_Member
 .text.system_toggle
                0x00000e74       0x26 system/system.o
                0x00000e74                system_toggle
 .text.__vector_26
                0x00000e9a       0xde Timer/Timer.o
                0x00000e9a                __vector_26
 .text.Init_time
                0x00000f78       0x1a Timer/Timer.o
                0x00000f78                Init_time
 .text.Init_timer
                0x00000f92       0x2c Timer/Timer.o
                0x00000f92                Init_timer
 .text.Init_USART
                0x00000fbe       0x18 UART/UART.o
                0x00000fbe                Init_USART
 .text.Serial_Send
                0x00000fd6        0xe UART/UART.o
                0x00000fd6                Serial_Send
 .text.__vector_18
                0x00000fe4       0x3a UART/UART.o
                0x00000fe4                __vector_18
 .text.USART0_str
                0x0000101e       0x18 UART/UART.o
                0x0000101e                USART0_str
 .text.Init_buff
                0x00001036        0xa UART/UART.o
                0x00001036                Init_buff
 .text.receive_text
                0x00001040       0x3c UART/UART.o
                0x00001040                receive_text
 .text.reset_text
                0x0000107c       0x18 UART/UART.o
                0x0000107c                reset_text
 .text.clear_terminal
                0x00001094       0x1c UART/UART.o
                0x00001094                clear_terminal
 .text.check_pass
                0x000010b0       0x64 UART/UART.o
                0x000010b0                check_pass
 .text.libgcc   0x00001114       0x12 c:/program files (x86)/atmel/studio/7.0/toolchain/avr8/avr8-gnu-toolchain/bin/../lib/gcc/avr/5.4.0/avr51\libgcc.a(_tablejump2.o)
                0x00001114                __tablejump2__
 .text.avr-libc
                0x00001126      0x242 c:/program files (x86)/atmel/studio/7.0/toolchain/avr8/avr8-gnu-toolchain/bin/../lib/gcc/avr/5.4.0/../../../../avr/lib/avr51\libc.a(malloc.o)
                0x00001126                malloc
                0x00001256                free
 .text.avr-libc
                0x00001368       0x12 c:/program files (x86)/atmel/studio/7.0/toolchain/avr8/avr8-gnu-toolchain/bin/../lib/gcc/avr/5.4.0/../../../../avr/lib/avr51\libc.a(strcmp.o)
                0x00001368                strcmp
 .text.avr-libc
                0x0000137a        0xe c:/program files (x86)/atmel/studio/7.0/toolchain/avr8/avr8-gnu-toolchain/bin/../lib/gcc/avr/5.4.0/../../../../avr/lib/avr51\libc.a(strcpy.o)
                0x0000137a                strcpy
                0x00001388                . = ALIGN (0x2)
 *(.fini9)
 .fini9         0x00001388        0x0 c:/program files (x86)/atmel/studio/7.0/toolchain/avr8/avr8-gnu-toolchain/bin/../lib/gcc/avr/5.4.0/avr51\libgcc.a(_exit.o)
                0x00001388                _exit
                0x00001388                exit
 *(.fini9)
 *(.fini8)
 *(.fini8)
 *(.fini7)
 *(.fini7)
 *(.fini6)
 *(.fini6)
 *(.fini5)
 *(.fini5)
 *(.fini4)
 *(.fini4)
 *(.fini3)
 *(.fini3)
 *(.fini2)
 *(.fini2)
 *(.fini1)
 *(.fini1)
 *(.fini0)
 .fini0         0x00001388        0x4 c:/program files (x86)/atmel/studio/7.0/toolchain/avr8/avr8-gnu-toolchain/bin/../lib/gcc/avr/5.4.0/avr51\libgcc.a(_exit.o)
 *(.fini0)
                0x0000138c                _etext = .

.data           0x00800100      0x46a load address 0x0000138c
                0x00800100                PROVIDE (__data_start, .)
 *(.data)
 .data          0x00800100        0x6 c:/program files (x86)/atmel/studio/7.0/toolchain/avr8/avr8-gnu-toolchain/bin/../lib/gcc/avr/5.4.0/../../../../avr/lib/avr51\libc.a(malloc.o)
                0x00800100                __malloc_heap_end
                0x00800102                __malloc_heap_start
                0x00800104                __malloc_margin
 *(.data*)
 .data.day      0x00800106        0x2 Cds/Cds.o
                0x00800106                day
 .data.RGB_Table
                0x00800108       0x12 color_led/color.o
                0x00800108                RGB_Table
 .data.cols     0x0080011a        0x2 modules/keypad.o
                0x0080011a                cols
 .data.rows     0x0080011c        0x2 modules/keypad.o
                0x0080011c                rows
 .data.locked   0x0080011e        0x2 UART/UART.o
                0x0080011e                locked
 *(.gnu.linkonce.d*)
 *(.rodata)
 *(.rodata*)
 .rodata.str1.1
                0x00800120       0x1e Cds/Cds.o
 .rodata.str1.1
                0x0080013e       0x8c interrupt/int.o
 .rodata.str1.1
                0x008001ca       0xaf In_out/In_out.o
                                 0xc2 (size before relaxing)
 .rodata.str1.1
                0x00800279       0xaf LCD/LCD.o
                                  0xc (size before relaxing)
 .rodata.str1.1
                0x00800279       0xd2 main.o
 .rodata.str1.1
                0x0080034b        0xd modules/keypad.o
                                 0x13 (size before relaxing)
 .rodata.pads   0x00800358        0xc modules/keypad.o
                0x00800358                pads
 .rodata.str1.1
                0x00800364      0x17e system/system.o
                                0x191 (size before relaxing)
 .rodata.str1.1
                0x008004e2       0x3a Timer/Timer.o
 .rodata.str1.1
                0x0080051c       0x4e UART/UART.o
                                 0x51 (size before relaxing)
 *(.gnu.linkonce.r*)
                0x0080056a                . = ALIGN (0x2)
                0x0080056a                _edata = .
                0x0080056a                PROVIDE (__data_end, .)

.bss            0x0080056a       0x2f
                0x0080056a                PROVIDE (__bss_start, .)
 *(.bss)
 *(.bss*)
 .bss.adc_data  0x0080056a        0x2 Cds/Cds.o
                0x0080056a                adc_data
 .bss.admit     0x0080056c        0x2 interrupt/int.o
                0x0080056c                admit
 .bss.inout_index
                0x0080056e        0x2 interrupt/int.o
                0x0080056e                inout_index
 .bss.root      0x00800570        0x2 In_out/In_out.o
                0x00800570                root
 .bss.temp      0x00800572        0x2 modules/keypad.o
                0x00800572                temp
 .bss.wait_cnt  0x00800574        0x2 Timer/Timer.o
                0x00800574                wait_cnt
 .bss.second    0x00800576        0x2 Timer/Timer.o
                0x00800576                second
 .bss.timer_cnt
                0x00800578        0x2 Timer/Timer.o
                0x00800578                timer_cnt
 *(COMMON)
 COMMON         0x0080057a       0x1b Cds/Cds.o
                0x0080057a                pass
                0x0080057f                Rflag
                0x00800580                data
                0x00800581                temp_name
 COMMON         0x00800595        0x4 c:/program files (x86)/atmel/studio/7.0/toolchain/avr8/avr8-gnu-toolchain/bin/../lib/gcc/avr/5.4.0/../../../../avr/lib/avr51\libc.a(malloc.o)
                0x00800595                __brkval
                0x00800597                __flp
                0x00800599                PROVIDE (__bss_end, .)
                0x0000138c                __data_load_start = LOADADDR (.data)
                0x000017f6                __data_load_end = (__data_load_start + SIZEOF (.data))

.noinit         0x00800599        0x0
                [!provide]                PROVIDE (__noinit_start, .)
 *(.noinit*)
                [!provide]                PROVIDE (__noinit_end, .)
                0x00800599                _end = .
                0x00800599                PROVIDE (__heap_start, .)

.eeprom         0x00810000        0x0
 *(.eeprom*)
                0x00810000                __eeprom_end = .

.fuse
 *(.fuse)
 *(.lfuse)
 *(.hfuse)
 *(.efuse)

.lock
 *(.lock*)

.signature
 *(.signature*)

.user_signatures
 *(.user_signatures*)

.stab
 *(.stab)

.stabstr
 *(.stabstr)

.stab.excl
 *(.stab.excl)

.stab.exclstr
 *(.stab.exclstr)

.stab.index
 *(.stab.index)

.stab.indexstr
 *(.stab.indexstr)

.comment        0x00000000       0x30
 *(.comment)
 .comment       0x00000000       0x30 Cds/Cds.o
                                 0x31 (size before relaxing)
 .comment       0x00000030       0x31 color_led/color.o
 .comment       0x00000030       0x31 interrupt/int.o
 .comment       0x00000030       0x31 In_out/In_out.o
 .comment       0x00000030       0x31 LCD/LCD.o
 .comment       0x00000030       0x31 main.o
 .comment       0x00000030       0x31 modules/keypad.o
 .comment       0x00000030       0x31 system/system.o
 .comment       0x00000030       0x31 Timer/Timer.o
 .comment       0x00000030       0x31 UART/UART.o
 .comment       0x00000030       0x31 c:/program files (x86)/atmel/studio/7.0/toolchain/avr8/avr8-gnu-toolchain/bin/../lib/gcc/avr/5.4.0/../../../../avr/lib/avr51\libc.a(malloc.o)

.note.gnu.avr.deviceinfo
                0x00000000       0x40
 .note.gnu.avr.deviceinfo
                0x00000000       0x40 C:/Program Files (x86)/Atmel/Studio/7.0/Packs/atmel/ATmega_DFP/1.6.364/gcc/dev/atmega128a/avr51/crtatmega128a.o

.note.gnu.build-id
 *(.note.gnu.build-id)

.debug
 *(.debug)

.line
 *(.line)

.debug_srcinfo
 *(.debug_srcinfo)

.debug_sfnames
 *(.debug_sfnames)

.debug_aranges  0x00000000      0x2c8
 *(.debug_aranges)
 .debug_aranges
                0x00000000       0x28 Cds/Cds.o
 .debug_aranges
                0x00000028       0x28 color_led/color.o
 .debug_aranges
                0x00000050       0x70 interrupt/int.o
 .debug_aranges
                0x000000c0       0x48 In_out/In_out.o
 .debug_aranges
                0x00000108       0x68 LCD/LCD.o
 .debug_aranges
                0x00000170       0x20 main.o
 .debug_aranges
                0x00000190       0x40 modules/keypad.o
 .debug_aranges
                0x000001d0       0x58 system/system.o
 .debug_aranges
                0x00000228       0x38 Timer/Timer.o
 .debug_aranges
                0x00000260       0x68 UART/UART.o

.debug_pubnames
 *(.debug_pubnames)

.debug_info     0x00000000     0x3771
 *(.debug_info .gnu.linkonce.wi.*)
 .debug_info    0x00000000      0x780 C:/Program Files (x86)/Atmel/Studio/7.0/Packs/atmel/ATmega_DFP/1.6.364/gcc/dev/atmega128a/avr51/crtatmega128a.o
 .debug_info    0x00000780      0x23e Cds/Cds.o
 .debug_info    0x000009be       0xfd color_led/color.o
 .debug_info    0x00000abb      0x624 interrupt/int.o
 .debug_info    0x000010df      0x7a6 In_out/In_out.o
 .debug_info    0x00001885      0x675 LCD/LCD.o
 .debug_info    0x00001efa      0x3f1 main.o
 .debug_info    0x000022eb      0x4b4 modules/keypad.o
 .debug_info    0x0000279f      0x963 system/system.o
 .debug_info    0x00003102      0x23c Timer/Timer.o
 .debug_info    0x0000333e      0x433 UART/UART.o

.debug_abbrev   0x00000000     0x155d
 *(.debug_abbrev)
 .debug_abbrev  0x00000000      0x718 C:/Program Files (x86)/Atmel/Studio/7.0/Packs/atmel/ATmega_DFP/1.6.364/gcc/dev/atmega128a/avr51/crtatmega128a.o
 .debug_abbrev  0x00000718      0x13b Cds/Cds.o
 .debug_abbrev  0x00000853       0xac color_led/color.o
 .debug_abbrev  0x000008ff      0x1b6 interrupt/int.o
 .debug_abbrev  0x00000ab5      0x148 In_out/In_out.o
 .debug_abbrev  0x00000bfd      0x1a9 LCD/LCD.o
 .debug_abbrev  0x00000da6      0x131 main.o
 .debug_abbrev  0x00000ed7      0x1e9 modules/keypad.o
 .debug_abbrev  0x000010c0      0x1c1 system/system.o
 .debug_abbrev  0x00001281       0xfc Timer/Timer.o
 .debug_abbrev  0x0000137d      0x1e0 UART/UART.o

.debug_line     0x00000000     0x1d02
 *(.debug_line .debug_line.* .debug_line_end)
 .debug_line    0x00000000      0x16a C:/Program Files (x86)/Atmel/Studio/7.0/Packs/atmel/ATmega_DFP/1.6.364/gcc/dev/atmega128a/avr51/crtatmega128a.o
 .debug_line    0x0000016a      0x1b8 Cds/Cds.o
 .debug_line    0x00000322       0xea color_led/color.o
 .debug_line    0x0000040c      0x3c9 interrupt/int.o
 .debug_line    0x000007d5      0x395 In_out/In_out.o
 .debug_line    0x00000b6a      0x2e6 LCD/LCD.o
 .debug_line    0x00000e50      0x241 main.o
 .debug_line    0x00001091      0x32b modules/keypad.o
 .debug_line    0x000013bc      0x451 system/system.o
 .debug_line    0x0000180d      0x1b3 Timer/Timer.o
 .debug_line    0x000019c0      0x342 UART/UART.o

.debug_frame    0x00000000      0x884
 *(.debug_frame)
 .debug_frame   0x00000000       0x7c Cds/Cds.o
 .debug_frame   0x0000007c       0x34 color_led/color.o
 .debug_frame   0x000000b0      0x310 interrupt/int.o
 .debug_frame   0x000003c0       0xe4 In_out/In_out.o
 .debug_frame   0x000004a4       0xec LCD/LCD.o
 .debug_frame   0x00000590       0x24 main.o
 .debug_frame   0x000005b4       0x9c modules/keypad.o
 .debug_frame   0x00000650       0xb8 system/system.o
 .debug_frame   0x00000708       0x9c Timer/Timer.o
 .debug_frame   0x000007a4       0xe0 UART/UART.o

.debug_str      0x00000000      0x809
 *(.debug_str)
 .debug_str     0x00000000      0x27d C:/Program Files (x86)/Atmel/Studio/7.0/Packs/atmel/ATmega_DFP/1.6.364/gcc/dev/atmega128a/avr51/crtatmega128a.o
 .debug_str     0x0000027d      0x1d9 Cds/Cds.o
                                0x222 (size before relaxing)
 .debug_str     0x00000456       0x3c color_led/color.o
                                0x1b2 (size before relaxing)
 .debug_str     0x00000492       0xfe interrupt/int.o
                                0x2f6 (size before relaxing)
 .debug_str     0x00000590       0x5d In_out/In_out.o
                                0x231 (size before relaxing)
 .debug_str     0x000005ed       0x82 LCD/LCD.o
                                0x248 (size before relaxing)
 .debug_str     0x0000066f       0x7e main.o
                                0x298 (size before relaxing)
 .debug_str     0x000006ed       0x52 modules/keypad.o
                                0x254 (size before relaxing)
 .debug_str     0x0000073f       0x6f system/system.o
                                0x3b2 (size before relaxing)
 .debug_str     0x000007ae       0x2b Timer/Timer.o
                                0x1f5 (size before relaxing)
 .debug_str     0x000007d9       0x30 UART/UART.o
                                0x269 (size before relaxing)

.debug_loc      0x00000000     0x1c5b
 *(.debug_loc)
 .debug_loc     0x00000000      0x111 Cds/Cds.o
 .debug_loc     0x00000111       0x39 color_led/color.o
 .debug_loc     0x0000014a      0x887 interrupt/int.o
 .debug_loc     0x000009d1      0x4fb In_out/In_out.o
 .debug_loc     0x00000ecc      0x5ad LCD/LCD.o
 .debug_loc     0x00001479       0x78 main.o
 .debug_loc     0x000014f1      0x333 modules/keypad.o
 .debug_loc     0x00001824      0x1ae system/system.o
 .debug_loc     0x000019d2       0xcb Timer/Timer.o
 .debug_loc     0x00001a9d      0x1be UART/UART.o

.debug_macinfo
 *(.debug_macinfo)

.debug_weaknames
 *(.debug_weaknames)

.debug_funcnames
 *(.debug_funcnames)

.debug_typenames
 *(.debug_typenames)

.debug_varnames
 *(.debug_varnames)

.debug_pubtypes
 *(.debug_pubtypes)

.debug_ranges   0x00000000      0x240
 *(.debug_ranges)
 .debug_ranges  0x00000000       0x18 Cds/Cds.o
 .debug_ranges  0x00000018       0x18 color_led/color.o
 .debug_ranges  0x00000030       0x60 interrupt/int.o
 .debug_ranges  0x00000090       0x38 In_out/In_out.o
 .debug_ranges  0x000000c8       0x58 LCD/LCD.o
 .debug_ranges  0x00000120       0x10 main.o
 .debug_ranges  0x00000130       0x48 modules/keypad.o
 .debug_ranges  0x00000178       0x48 system/system.o
 .debug_ranges  0x000001c0       0x28 Timer/Timer.o
 .debug_ranges  0x000001e8       0x58 UART/UART.o

.debug_macro
 *(.debug_macro)
OUTPUT(Project_meditator.elf elf32-avr)
LOAD linker stubs
